Jan 03 15:24:39 jfz1r03h11 neutron-dhcp-agent[22922]: DEBUG neutron.agent.linux.external_process [None req-791f9f95-85bd-445e-b147-f0b3c1d3ce47 None None] No process started for 8c6406d4-3623-4863-9e5a-66b0f39ac8ef {{(pid=22922) disable /opt/stack/neutron/neutron/agent/linux/external_process.py:118}}
Jan 03 15:24:39 jfz1r03h11 neutron-dhcp-agent[22922]: DEBUG oslo_concurrency.lockutils [None req-791f9f95-85bd-445e-b147-f0b3c1d3ce47 None None] Releasing lock "dhcp-agent-network-lock-8c6406d4-3623-4863-9e5a-66b0f39ac8ef" {{(pid=22922) lock /usr/local/lib/python2.7/dist-packages/oslo_concurrency/lockutils.py:281}}
Jan 03 15:24:39 jfz1r03h11 dnsmasq[26607]: using nameserver 8.8.4.4#53
Jan 03 15:24:39 jfz1r03h11 neutron-dhcp-agent[22922]: DEBUG oslo_concurrency.lockutils [None req-46abf0b6-9001-4149-a088-6a77cf83efa7 None None] Acquired lock "dhcp-agent-network-lock-8c6406d4-3623-4863-9e5a-66b0f39ac8ef" {{(pid=22922) lock /usr/local/lib/python2.7/dist-packages/oslo_concurrency/lockutils.py:265}}
Jan 03 15:24:39 jfz1r03h11 dnsmasq[26607]: read /opt/stack/data/neutron/dhcp/8c6406d4-3623-4863-9e5a-66b0f39ac8ef/addn_hosts - 2 addresses
Jan 03 15:24:39 jfz1r03h11 neutron-dhcp-agent[22922]: DEBUG neutron.agent.dhcp.agent [None req-46abf0b6-9001-4149-a088-6a77cf83efa7 None None] Discarding stale port update: admin_state_up=True, allowed_address_pairs=[], binding:host_id=jfz1r03h11, binding:profile=, binding:vif_details=, binding:vif_type=unbound, binding:vnic_type=normal, created_at=2019-01-03T23:24:35Z, description=, device_id=dhcpe6db17b8-8b1d-5bd9-84e1-a5a76d81aa59-8c6406d4-3623-4863-9e5a-66b0f39ac8ef, device_owner=network:dhcp, extra_dhcp_opts=[], fixed_ips=[{u'subnet_id': u'623f9893-bf2c-4ab6-aac2-096ae455d277', u'ip_address': u'10.0.0.2'}], id=0358e778-0236-47a7-bbbf-09197ae0f825, mac_address=fa:16:3e:55:ee:50, name=, network_id=8c6406d4-3623-4863-9e5a-66b0f39ac8ef, port_security_enabled=False, project_id=d144cf0cc12f44c8b5e36e07b273bd35, revision_number=1, security_groups=[], status=DOWN, tags=[], tenant_id=d144cf0cc12f44c8b5e36e07b273bd35, updated_at=2019-01-03T23:24:36Z {{(pid=22922) port_update_end /opt/stack/neutron/neutron/agent/dhcp/agent.py:455}}
Jan 03 15:24:39 jfz1r03h11 neutron-dhcp-agent[22922]: DEBUG oslo_concurrency.lockutils [None req-46abf0b6-9001-4149-a088-6a77cf83efa7 None None] Releasing lock "dhcp-agent-network-lock-8c6406d4-3623-4863-9e5a-66b0f39ac8ef" {{(pid=22922) lock /usr/local/lib/python2.7/dist-packages/oslo_concurrency/lockutils.py:281}}
Jan 03 15:24:39 jfz1r03h11 dnsmasq-dhcp[26607]: read /opt/stack/data/neutron/dhcp/8c6406d4-3623-4863-9e5a-66b0f39ac8ef/host
Jan 03 15:24:39 jfz1r03h11 neutron-dhcp-agent[22922]: DEBUG oslo_concurrency.lockutils [None req-46abf0b6-9001-4149-a088-6a77cf83efa7 None None] Acquired lock "dhcp-agent-network-lock-8c6406d4-3623-4863-9e5a-66b0f39ac8ef" {{(pid=22922) lock /usr/local/lib/python2.7/dist-packages/oslo_concurrency/lockutils.py:265}}
Jan 03 15:24:39 jfz1r03h11 neutron-dhcp-agent[22922]: DEBUG neutron.agent.dhcp.agent [None req-46abf0b6-9001-4149-a088-6a77cf83efa7 None None] Discarding stale port update: admin_state_up=True, allowed_address_pairs=[], binding:host_id=jfz1r03h11, binding:profile=, binding:vif_details=bridge_name=br-int, datapath_type=system, ovs_hybrid_plug=False, port_filter=True, binding:vif_type=ovs, binding:vnic_type=normal, created_at=2019-01-03T23:24:35Z, description=, device_id=dhcpe6db17b8-8b1d-5bd9-84e1-a5a76d81aa59-8c6406d4-3623-4863-9e5a-66b0f39ac8ef, device_owner=network:dhcp, extra_dhcp_opts=[], fixed_ips=[{u'subnet_id': u'623f9893-bf2c-4ab6-aac2-096ae455d277', u'ip_address': u'10.0.0.2'}], id=0358e778-0236-47a7-bbbf-09197ae0f825, mac_address=fa:16:3e:55:ee:50, name=, network_id=8c6406d4-3623-4863-9e5a-66b0f39ac8ef, port_security_enabled=False, project_id=d144cf0cc12f44c8b5e36e07b273bd35, revision_number=2, security_groups=[], status=DOWN, tags=[], tenant_id=d144cf0cc12f44c8b5e36e07b273bd35, updated_at=2019-01-03T23:24:36Z {{(pid=22922) port_update_end /opt/stack/neutron/neutron/agent/dhcp/agent.py:455}}
Jan 03 15:24:39 jfz1r03h11 neutron-dhcp-agent[22922]: DEBUG oslo_concurrency.lockutils [None req-46abf0b6-9001-4149-a088-6a77cf83efa7 None None] Releasing lock "dhcp-agent-network-lock-8c6406d4-3623-4863-9e5a-66b0f39ac8ef" {{(pid=22922) lock /usr/local/lib/python2.7/dist-packages/oslo_concurrency/lockutils.py:281}}
Jan 03 15:24:39 jfz1r03h11 dnsmasq-dhcp[26607]: read /opt/stack/data/neutron/dhcp/8c6406d4-3623-4863-9e5a-66b0f39ac8ef/opts
Jan 03 15:24:39 jfz1r03h11 neutron-dhcp-agent[22922]: DEBUG oslo_concurrency.lockutils [None req-5224f675-ccaa-41ee-9516-cde14e033fb8 admin admin] Acquired lock "dhcp-agent-network-lock-8c6406d4-3623-4863-9e5a-66b0f39ac8ef" {{(pid=22922) lock /usr/local/lib/python2.7/dist-packages/oslo_concurrency/lockutils.py:265}}
Jan 03 15:24:40 jfz1r03h11 neutron-dhcp-agent[22922]: DEBUG neutron.agent.dhcp.agent [None req-971dfc2a-e211-45b0-81db-7231102709fb None None] Calling driver for network: 8c6406d4-3623-4863-9e5a-66b0f39ac8ef action: reload_allocations {{(pid=22922) call_driver /opt/stack/neutron/neutron/agent/dhcp/agent.py:145}}
Jan 03 15:24:40 jfz1r03h11 neutron-dhcp-agent[22922]: DEBUG neutron.agent.linux.dhcp [None req-971dfc2a-e211-45b0-81db-7231102709fb None None] Building host file: /opt/stack/data/neutron/dhcp/8c6406d4-3623-4863-9e5a-66b0f39ac8ef/host {{(pid=22922) _output_hosts_file /opt/stack/neutron/neutron/agent/linux/dhcp.py:690}}
Jan 03 15:24:40 jfz1r03h11 neutron-dhcp-agent[22922]: DEBUG neutron.agent.linux.dhcp [None req-971dfc2a-e211-45b0-81db-7231102709fb None None] Done building host file /opt/stack/data/neutron/dhcp/8c6406d4-3623-4863-9e5a-66b0f39ac8ef/host {{(pid=22922) _output_hosts_file /opt/stack/neutron/neutron/agent/linux/dhcp.py:729}}
Jan 03 15:24:40 jfz1r03h11 neutron-dhcp-agent[22922]: DEBUG neutron.agent.linux.utils [None req-971dfc2a-e211-45b0-81db-7231102709fb None None] Running command (rootwrap daemon): ['kill', '-HUP', '26607'] {{(pid=22922) execute_rootwrap_daemon /opt/stack/neutron/neutron/agent/linux/utils.py:103}}
Jan 03 15:24:40 jfz1r03h11 dnsmasq[26607]: read /opt/stack/data/neutron/dhcp/8c6406d4-3623-4863-9e5a-66b0f39ac8ef/addn_hosts - 2 addresses
Jan 03 15:24:40 jfz1r03h11 dnsmasq-dhcp[26607]: read /opt/stack/data/neutron/dhcp/8c6406d4-3623-4863-9e5a-66b0f39ac8ef/host
Jan 03 15:24:40 jfz1r03h11 dnsmasq-dhcp[26607]: read /opt/stack/data/neutron/dhcp/8c6406d4-3623-4863-9e5a-66b0f39ac8ef/opts
Jan 03 15:24:40 jfz1r03h11 neutron-dhcp-agent[22922]: DEBUG neutron.agent.linux.dhcp [None req-971dfc2a-e211-45b0-81db-7231102709fb None None] Reloading allocations for network: 8c6406d4-3623-4863-9e5a-66b0f39ac8ef {{(pid=22922) reload_allocations /opt/stack/neutron/neutron/agent/linux/dhcp.py:519}}
Jan 03 15:24:40 jfz1r03h11 neutron-dhcp-agent[22922]: DEBUG neutron.agent.linux.utils [None req-971dfc2a-e211-45b0-81db-7231102709fb None None] Running command (rootwrap daemon): ['ip', 'netns', 'exec', 'qdhcp-8c6406d4-3623-4863-9e5a-66b0f39ac8ef', 'ip', '-4', 'route', 'list', 'dev', 'tap0358e778-02'] {{(pid=22922) execute_rootwrap_daemon /opt/stack/neutron/neutron/agent/linux/utils.py:103}}
Jan 03 15:24:40 jfz1r03h11 neutron-dhcp-agent[22922]: DEBUG neutron.agent.linux.utils [None req-971dfc2a-e211-45b0-81db-7231102709fb None None] Running command (rootwrap daemon): ['ip', 'netns', 'exec', 'qdhcp-8c6406d4-3623-4863-9e5a-66b0f39ac8ef', 'ip', '-6', 'route', 'list', 'dev', 'tap0358e778-02'] {{(pid=22922) execute_rootwrap_daemon /opt/stack/neutron/neutron/agent/linux/utils.py:103}}
Jan 03 15:24:40 jfz1r03h11 neutron-dhcp-agent[22922]: DEBUG neutron.agent.linux.utils [None req-971dfc2a-e211-45b0-81db-7231102709fb None None] Unable to access /opt/stack/data/neutron/external/pids/8c6406d4-3623-4863-9e5a-66b0f39ac8ef.pid {{(pid=22922) get_value_from_file /opt/stack/neutron/neutron/agent/linux/utils.py:250}}
Jan 03 15:24:40 jfz1r03h11 neutron-dhcp-agent[22922]: DEBUG neutron.agent.linux.utils [None req-971dfc2a-e211-45b0-81db-7231102709fb None None] Unable to access /opt/stack/data/neutron/external/pids/8c6406d4-3623-4863-9e5a-66b0f39ac8ef.pid {{(pid=22922) get_value_from_file /opt/stack/neutron/neutron/agent/linux/utils.py:250}}
Jan 03 15:24:40 jfz1r03h11 neutron-dhcp-agent[22922]: DEBUG neutron.agent.linux.external_process [None req-971dfc2a-e211-45b0-81db-7231102709fb None None] No process started for 8c6406d4-3623-4863-9e5a-66b0f39ac8ef {{(pid=22922) disable /opt/stack/neutron/neutron/agent/linux/external_process.py:118}}
Jan 03 15:24:40 jfz1r03h11 neutron-dhcp-agent[22922]: DEBUG oslo_concurrency.lockutils [None req-971dfc2a-e211-45b0-81db-7231102709fb None None] Releasing lock "dhcp-agent-network-lock-8c6406d4-3623-4863-9e5a-66b0f39ac8ef" {{(pid=22922) lock /usr/local/lib/python2.7/dist-packages/oslo_concurrency/lockutils.py:281}}
Jan 03 15:24:50 jfz1r03h11 neutron-dhcp-agent[22922]: DEBUG oslo_concurrency.lockutils [None req-cf35ba5d-568a-4ede-92b5-771880a06beb admin admin] Acquired lock "dhcp-agent-network-lock-8c6406d4-3623-4863-9e5a-66b0f39ac8ef" {{(pid=22922) lock /usr/local/lib/python2.7/dist-packages/oslo_concurrency/lockutils.py:265}}
Jan 03 15:24:50 jfz1r03h11 neutron-dhcp-agent[22922]: INFO neutron.agent.dhcp.agent [None req-cf35ba5d-568a-4ede-92b5-771880a06beb admin admin] Trigger reload_allocations for port admin_state_up=True, allowed_address_pairs=[], binding:host_id=, binding:profile=, binding:vif_details=, binding:vif_type=unbound, binding:vnic_type=normal, created_at=2019-01-03T23:24:49Z, description=, device_id=95ea6b0f-f3d3-4f6e-b3f2-2a7aba7a9833, device_owner=network:router_interface, extra_dhcp_opts=[], fixed_ips=[{u'subnet_id': u'623f9893-bf2c-4ab6-aac2-096ae455d277', u'ip_address': u'10.0.0.1'}], id=2e868e06-b689-43dc-94e0-2a20128af041, mac_address=fa:16:3e:da:ff:b7, name=, network_id=8c6406d4-3623-4863-9e5a-66b0f39ac8ef, port_security_enabled=False, project_id=d144cf0cc12f44c8b5e36e07b273bd35, revision_number=1, security_groups=[], status=DOWN, tags=[], tenant_id=d144cf0cc12f44c8b5e36e07b273bd35, updated_at=2019-01-03T23:24:49Z
Jan 03 15:24:50 jfz1r03h11 neutron-dhcp-agent[22922]: DEBUG neutron.agent.dhcp.agent [None req-cf35ba5d-568a-4ede-92b5-771880a06beb admin admin] Calling driver for network: 8c6406d4-3623-4863-9e5a-66b0f39ac8ef action: reload_allocations {{(pid=22922) call_driver /opt/stack/neutron/neutron/agent/dhcp/agent.py:145}}
Jan 03 15:24:50 jfz1r03h11 neutron-dhcp-agent[22922]: DEBUG neutron.agent.linux.dhcp [None req-cf35ba5d-568a-4ede-92b5-771880a06beb admin admin] Building host file: /opt/stack/data/neutron/dhcp/8c6406d4-3623-4863-9e5a-66b0f39ac8ef/host {{(pid=22922) _output_hosts_file /opt/stack/neutron/neutron/agent/linux/dhcp.py:690}}
Jan 03 15:24:50 jfz1r03h11 neutron-dhcp-agent[22922]: DEBUG neutron.agent.linux.dhcp [None req-cf35ba5d-568a-4ede-92b5-771880a06beb admin admin] Done building host file /opt/stack/data/neutron/dhcp/8c6406d4-3623-4863-9e5a-66b0f39ac8ef/host {{(pid=22922) _output_hosts_file /opt/stack/neutron/neutron/agent/linux/dhcp.py:729}}
Jan 03 15:24:50 jfz1r03h11 neutron-dhcp-agent[22922]: DEBUG neutron.agent.linux.utils [None req-cf35ba5d-568a-4ede-92b5-771880a06beb admin admin] Running command (rootwrap daemon): ['kill', '-HUP', '26607'] {{(pid=22922) execute_rootwrap_daemon /opt/stack/neutron/neutron/agent/linux/utils.py:103}}
Jan 03 15:24:50 jfz1r03h11 dnsmasq[26607]: read /opt/stack/data/neutron/dhcp/8c6406d4-3623-4863-9e5a-66b0f39ac8ef/addn_hosts - 3 addresses
Jan 03 15:24:50 jfz1r03h11 dnsmasq-dhcp[26607]: read /opt/stack/data/neutron/dhcp/8c6406d4-3623-4863-9e5a-66b0f39ac8ef/host
Jan 03 15:24:50 jfz1r03h11 dnsmasq-dhcp[26607]: read /opt/stack/data/neutron/dhcp/8c6406d4-3623-4863-9e5a-66b0f39ac8ef/opts
Jan 03 15:24:50 jfz1r03h11 neutron-dhcp-agent[22922]: DEBUG neutron.agent.linux.dhcp [None req-cf35ba5d-568a-4ede-92b5-771880a06beb admin admin] Reloading allocations for network: 8c6406d4-3623-4863-9e5a-66b0f39ac8ef {{(pid=22922) reload_allocations /opt/stack/neutron/neutron/agent/linux/dhcp.py:519}}
Jan 03 15:24:50 jfz1r03h11 neutron-dhcp-agent[22922]: DEBUG neutron.agent.linux.utils [None req-cf35ba5d-568a-4ede-92b5-771880a06beb admin admin] Running command (rootwrap daemon): ['ip', 'netns', 'exec', 'qdhcp-8c6406d4-3623-4863-9e5a-66b0f39ac8ef', 'ip', '-4', 'route', 'list', 'dev', 'tap0358e778-02'] {{(pid=22922) execute_rootwrap_daemon /opt/stack/neutron/neutron/agent/linux/utils.py:103}}
Jan 03 15:24:50 jfz1r03h11 neutron-dhcp-agent[22922]: DEBUG neutron.agent.linux.utils [None req-cf35ba5d-568a-4ede-92b5-771880a06beb admin admin] Running command (rootwrap daemon): ['ip', 'netns', 'exec', 'qdhcp-8c6406d4-3623-4863-9e5a-66b0f39ac8ef', 'ip', '-6', 'route', 'list', 'dev', 'tap0358e778-02'] {{(pid=22922) execute_rootwrap_daemon /opt/stack/neutron/neutron/agent/linux/utils.py:103}}
Jan 03 15:24:50 jfz1r03h11 neutron-dhcp-agent[22922]: DEBUG neutron.agent.linux.utils [None req-cf35ba5d-568a-4ede-92b5-771880a06beb admin admin] Unable to access /opt/stack/data/neutron/external/pids/8c6406d4-3623-4863-9e5a-66b0f39ac8ef.pid {{(pid=22922) get_value_from_file /opt/stack/neutron/neutron/agent/linux/utils.py:250}}
Jan 03 15:24:50 jfz1r03h11 neutron-dhcp-agent[22922]: DEBUG neutron.agent.linux.utils [None req-cf35ba5d-568a-4ede-92b5-771880a06beb admin admin] Unable to access /opt/stack/data/neutron/external/pids/8c6406d4-3623-4863-9e5a-66b0f39ac8ef.pid {{(pid=22922) get_value_from_file /opt/stack/neutron/neutron/agent/linux/utils.py:250}}
Jan 03 15:24:50 jfz1r03h11 neutron-dhcp-agent[22922]: DEBUG neutron.agent.linux.external_process [None req-cf35ba5d-568a-4ede-92b5-771880a06beb admin admin] No process started for 8c6406d4-3623-4863-9e5a-66b0f39ac8ef {{(pid=22922) disable /opt/stack/neutron/neutron/agent/linux/external_process.py:118}}
Jan 03 15:24:50 jfz1r03h11 neutron-dhcp-agent[22922]: DEBUG oslo_concurrency.lockutils [None req-cf35ba5d-568a-4ede-92b5-771880a06beb admin admin] Releasing lock "dhcp-agent-network-lock-8c6406d4-3623-4863-9e5a-66b0f39ac8ef" {{(pid=22922) lock /usr/local/lib/python2.7/dist-packages/oslo_concurrency/lockutils.py:281}}
Jan 03 15:24:50 jfz1r03h11 neutron-dhcp-agent[22922]: DEBUG oslo_concurrency.lockutils [None req-cf35ba5d-568a-4ede-92b5-771880a06beb admin admin] Acquired lock "dhcp-agent-network-lock-8c6406d4-3623-4863-9e5a-66b0f39ac8ef" {{(pid=22922) lock /usr/local/lib/python2.7/dist-packages/oslo_concurrency/lockutils.py:265}}
Jan 03 15:24:50 jfz1r03h11 neutron-dhcp-agent[22922]: INFO neutron.agent.dhcp.agent [None req-cf35ba5d-568a-4ede-92b5-771880a06beb admin admin] Trigger reload_allocations for port admin_state_up=True, allowed_address_pairs=[], binding:host_id=, binding:profile=, binding:vif_details=, binding:vif_type=unbound, binding:vnic_type=normal, created_at=2019-01-03T23:24:49Z, description=, device_id=95ea6b0f-f3d3-4f6e-b3f2-2a7aba7a9833, device_owner=network:router_interface, extra_dhcp_opts=[], fixed_ips=[{u'subnet_id': u'623f9893-bf2c-4ab6-aac2-096ae455d277', u'ip_address': u'10.0.0.1'}], id=2e868e06-b689-43dc-94e0-2a20128af041, mac_address=fa:16:3e:da:ff:b7, name=, network_id=8c6406d4-3623-4863-9e5a-66b0f39ac8ef, port_security_enabled=False, project_id=d144cf0cc12f44c8b5e36e07b273bd35, revision_number=1, security_groups=[], status=DOWN, tags=[], tenant_id=d144cf0cc12f44c8b5e36e07b273bd35, updated_at=2019-01-03T23:24:49Z
Jan 03 15:24:50 jfz1r03h11 neutron-dhcp-agent[22922]: DEBUG neutron.agent.dhcp.agent [None req-cf35ba5d-568a-4ede-92b5-771880a06beb admin admin] Calling driver for network: 8c6406d4-3623-4863-9e5a-66b0f39ac8ef action: reload_allocations {{(pid=22922) call_driver /opt/stack/neutron/neutron/agent/dhcp/agent.py:145}}
Jan 03 15:24:50 jfz1r03h11 neutron-dhcp-agent[22922]: DEBUG neutron.agent.linux.dhcp [None req-cf35ba5d-568a-4ede-92b5-771880a06beb admin admin] Building host file: /opt/stack/data/neutron/dhcp/8c6406d4-3623-4863-9e5a-66b0f39ac8ef/host {{(pid=22922) _output_hosts_file /opt/stack/neutron/neutron/agent/linux/dhcp.py:690}}
Jan 03 15:24:50 jfz1r03h11 neutron-dhcp-agent[22922]: DEBUG neutron.agent.linux.dhcp [None req-cf35ba5d-568a-4ede-92b5-771880a06beb admin admin] Done building host file /opt/stack/data/neutron/dhcp/8c6406d4-3623-4863-9e5a-66b0f39ac8ef/host {{(pid=22922) _output_hosts_file /opt/stack/neutron/neutron/agent/linux/dhcp.py:729}}
Jan 03 15:24:50 jfz1r03h11 neutron-dhcp-agent[22922]: DEBUG neutron.agent.linux.utils [None req-cf35ba5d-568a-4ede-92b5-771880a06beb admin admin] Running command (rootwrap daemon): ['kill', '-HUP', '26607'] {{(pid=22922) execute_rootwrap_daemon /opt/stack/neutron/neutron/agent/linux/utils.py:103}}
Jan 03 15:24:50 jfz1r03h11 dnsmasq[26607]: read /opt/stack/data/neutron/dhcp/8c6406d4-3623-4863-9e5a-66b0f39ac8ef/addn_hosts - 3 addresses
Jan 03 15:24:50 jfz1r03h11 dnsmasq-dhcp[26607]: read /opt/stack/data/neutron/dhcp/8c6406d4-3623-4863-9e5a-66b0f39ac8ef/host
Jan 03 15:24:50 jfz1r03h11 dnsmasq-dhcp[26607]: read /opt/stack/data/neutron/dhcp/8c6406d4-3623-4863-9e5a-66b0f39ac8ef/opts
Jan 03 15:24:50 jfz1r03h11 neutron-dhcp-agent[22922]: DEBUG neutron.agent.linux.dhcp [None req-cf35ba5d-568a-4ede-92b5-771880a06beb admin admin] Reloading allocations for network: 8c6406d4-3623-4863-9e5a-66b0f39ac8ef {{(pid=22922) reload_allocations /opt/stack/neutron/neutron/agent/linux/dhcp.py:519}}
Jan 03 15:24:50 jfz1r03h11 neutron-dhcp-agent[22922]: DEBUG neutron.agent.linux.utils [None req-cf35ba5d-568a-4ede-92b5-771880a06beb admin admin] Running command (rootwrap daemon): ['ip', 'netns', 'exec', 'qdhcp-8c6406d4-3623-4863-9e5a-66b0f39ac8ef', 'ip', '-4', 'route', 'list', 'dev', 'tap0358e778-02'] {{(pid=22922) execute_rootwrap_daemon /opt/stack/neutron/neutron/agent/linux/utils.py:103}}
Jan 03 15:24:51 jfz1r03h11 neutron-dhcp-agent[22922]: DEBUG neutron.agent.linux.utils [None req-cf35ba5d-568a-4ede-92b5-771880a06beb admin admin] Running command (rootwrap daemon): ['ip', 'netns', 'exec', 'qdhcp-8c6406d4-3623-4863-9e5a-66b0f39ac8ef', 'ip', '-6', 'route', 'list', 'dev', 'tap0358e778-02'] {{(pid=22922) execute_rootwrap_daemon /opt/stack/neutron/neutron/agent/linux/utils.py:103}}
Jan 03 15:24:51 jfz1r03h11 neutron-dhcp-agent[22922]: DEBUG neutron.agent.linux.utils [None req-cf35ba5d-568a-4ede-92b5-771880a06beb admin admin] Unable to access /opt/stack/data/neutron/external/pids/8c6406d4-3623-4863-9e5a-66b0f39ac8ef.pid {{(pid=22922) get_value_from_file /opt/stack/neutron/neutron/agent/linux/utils.py:250}}
Jan 03 15:24:51 jfz1r03h11 neutron-dhcp-agent[22922]: DEBUG neutron.agent.linux.utils [None req-cf35ba5d-568a-4ede-92b5-771880a06beb admin admin] Unable to access /opt/stack/data/neutron/external/pids/8c6406d4-3623-4863-9e5a-66b0f39ac8ef.pid {{(pid=22922) get_value_from_file /opt/stack/neutron/neutron/agent/linux/utils.py:250}}
Jan 03 15:24:51 jfz1r03h11 neutron-dhcp-agent[22922]: DEBUG neutron.agent.linux.external_process [None req-cf35ba5d-568a-4ede-92b5-771880a06beb admin admin] No process started for 8c6406d4-3623-4863-9e5a-66b0f39ac8ef {{(pid=22922) disable /opt/stack/neutron/neutron/agent/linux/external_process.py:118}}
Jan 03 15:24:51 jfz1r03h11 neutron-dhcp-agent[22922]: DEBUG oslo_concurrency.lockutils [None req-cf35ba5d-568a-4ede-92b5-771880a06beb admin admin] Releasing lock "dhcp-agent-network-lock-8c6406d4-3623-4863-9e5a-66b0f39ac8ef" {{(pid=22922) lock /usr/local/lib/python2.7/dist-packages/oslo_concurrency/lockutils.py:281}}
Jan 03 15:24:52 jfz1r03h11 neutron-dhcp-agent[22922]: DEBUG oslo_concurrency.lockutils [None req-8982dc65-d4dd-4541-b919-832ec72b4be4 None None] Acquired lock "dhcp-agent-network-lock-8c6406d4-3623-4863-9e5a-66b0f39ac8ef" {{(pid=22922) lock /usr/local/lib/python2.7/dist-packages/oslo_concurrency/lockutils.py:265}}
Jan 03 15:24:52 jfz1r03h11 neutron-dhcp-agent[22922]: INFO neutron.agent.dhcp.agent [None req-8982dc65-d4dd-4541-b919-832ec72b4be4 None None] Trigger reload_allocations for port admin_state_up=True, allowed_address_pairs=[], binding:host_id=jfz1r03h11, binding:profile=, binding:vif_details=, binding:vif_type=unbound, binding:vnic_type=normal, created_at=2019-01-03T23:24:49Z, description=, device_id=95ea6b0f-f3d3-4f6e-b3f2-2a7aba7a9833, device_owner=network:router_interface, extra_dhcp_opts=[], fixed_ips=[{u'subnet_id': u'623f9893-bf2c-4ab6-aac2-096ae455d277', u'ip_address': u'10.0.0.1'}], id=2e868e06-b689-43dc-94e0-2a20128af041, mac_address=fa:16:3e:da:ff:b7, name=, network_id=8c6406d4-3623-4863-9e5a-66b0f39ac8ef, port_security_enabled=False, project_id=d144cf0cc12f44c8b5e36e07b273bd35, revision_number=2, security_groups=[], status=DOWN, tags=[], tenant_id=d144cf0cc12f44c8b5e36e07b273bd35, updated_at=2019-01-03T23:24:50Z
Jan 03 15:24:52 jfz1r03h11 neutron-dhcp-agent[22922]: DEBUG neutron.agent.dhcp.agent [None req-8982dc65-d4dd-4541-b919-832ec72b4be4 None None] Calling driver for network: 8c6406d4-3623-4863-9e5a-66b0f39ac8ef action: reload_allocations {{(pid=22922) call_driver /opt/stack/neutron/neutron/agent/dhcp/agent.py:145}}
Jan 03 15:24:52 jfz1r03h11 neutron-dhcp-agent[22922]: DEBUG neutron.agent.linux.dhcp [None req-8982dc65-d4dd-4541-b919-832ec72b4be4 None None] Building host file: /opt/stack/data/neutron/dhcp/8c6406d4-3623-4863-9e5a-66b0f39ac8ef/host {{(pid=22922) _output_hosts_file /opt/stack/neutron/neutron/agent/linux/dhcp.py:690}}
Jan 03 15:24:52 jfz1r03h11 neutron-dhcp-agent[22922]: DEBUG neutron.agent.linux.dhcp [None req-8982dc65-d4dd-4541-b919-832ec72b4be4 None None] Done building host file /opt/stack/data/neutron/dhcp/8c6406d4-3623-4863-9e5a-66b0f39ac8ef/host {{(pid=22922) _output_hosts_file /opt/stack/neutron/neutron/agent/linux/dhcp.py:729}}
Jan 03 15:24:52 jfz1r03h11 neutron-dhcp-agent[22922]: DEBUG neutron.agent.linux.utils [None req-8982dc65-d4dd-4541-b919-832ec72b4be4 None None] Running command (rootwrap daemon): ['kill', '-HUP', '26607'] {{(pid=22922) execute_rootwrap_daemon /opt/stack/neutron/neutron/agent/linux/utils.py:103}}
Jan 03 15:24:52 jfz1r03h11 dnsmasq[26607]: read /opt/stack/data/neutron/dhcp/8c6406d4-3623-4863-9e5a-66b0f39ac8ef/addn_hosts - 3 addresses
Jan 03 15:24:52 jfz1r03h11 dnsmasq-dhcp[26607]: read /opt/stack/data/neutron/dhcp/8c6406d4-3623-4863-9e5a-66b0f39ac8ef/host
Jan 03 15:24:52 jfz1r03h11 dnsmasq-dhcp[26607]: read /opt/stack/data/neutron/dhcp/8c6406d4-3623-4863-9e5a-66b0f39ac8ef/opts
Jan 03 15:24:52 jfz1r03h11 neutron-dhcp-agent[22922]: DEBUG neutron.agent.linux.dhcp [None req-8982dc65-d4dd-4541-b919-832ec72b4be4 None None] Reloading allocations for network: 8c6406d4-3623-4863-9e5a-66b0f39ac8ef {{(pid=22922) reload_allocations /opt/stack/neutron/neutron/agent/linux/dhcp.py:519}}
Jan 03 15:24:52 jfz1r03h11 neutron-dhcp-agent[22922]: DEBUG neutron.agent.linux.utils [None req-8982dc65-d4dd-4541-b919-832ec72b4be4 None None] Running command (rootwrap daemon): ['ip', 'netns', 'exec', 'qdhcp-8c6406d4-3623-4863-9e5a-66b0f39ac8ef', 'ip', '-4', 'route', 'list', 'dev', 'tap0358e778-02'] {{(pid=22922) execute_rootwrap_daemon /opt/stack/neutron/neutron/agent/linux/utils.py:103}}
Jan 03 15:24:52 jfz1r03h11 neutron-dhcp-agent[22922]: DEBUG neutron.agent.linux.utils [None req-8982dc65-d4dd-4541-b919-832ec72b4be4 None None] Running command (rootwrap daemon): ['ip', 'netns', 'exec', 'qdhcp-8c6406d4-3623-4863-9e5a-66b0f39ac8ef', 'ip', '-6', 'route', 'list', 'dev', 'tap0358e778-02'] {{(pid=22922) execute_rootwrap_daemon /opt/stack/neutron/neutron/agent/linux/utils.py:103}}
Jan 03 15:24:52 jfz1r03h11 neutron-dhcp-agent[22922]: DEBUG neutron.agent.linux.utils [None req-8982dc65-d4dd-4541-b919-832ec72b4be4 None None] Unable to access /opt/stack/data/neutron/external/pids/8c6406d4-3623-4863-9e5a-66b0f39ac8ef.pid {{(pid=22922) get_value_from_file /opt/stack/neutron/neutron/agent/linux/utils.py:250}}
Jan 03 15:24:52 jfz1r03h11 neutron-dhcp-agent[22922]: DEBUG neutron.agent.linux.utils [None req-8982dc65-d4dd-4541-b919-832ec72b4be4 None None] Unable to access /opt/stack/data/neutron/external/pids/8c6406d4-3623-4863-9e5a-66b0f39ac8ef.pid {{(pid=22922) get_value_from_file /opt/stack/neutron/neutron/agent/linux/utils.py:250}}
Jan 03 15:24:52 jfz1r03h11 neutron-dhcp-agent[22922]: DEBUG neutron.agent.linux.external_process [None req-8982dc65-d4dd-4541-b919-832ec72b4be4 None None] No process started for 8c6406d4-3623-4863-9e5a-66b0f39ac8ef {{(pid=22922) disable /opt/stack/neutron/neutron/agent/linux/external_process.py:118}}
Jan 03 15:24:52 jfz1r03h11 neutron-dhcp-agent[22922]: DEBUG oslo_concurrency.lockutils [None req-8982dc65-d4dd-4541-b919-832ec72b4be4 None None] Releasing lock "dhcp-agent-network-lock-8c6406d4-3623-4863-9e5a-66b0f39ac8ef" {{(pid=22922) lock /usr/local/lib/python2.7/dist-packages/oslo_concurrency/lockutils.py:281}}
Jan 03 15:24:53 jfz1r03h11 neutron-dhcp-agent[22922]: DEBUG oslo_concurrency.lockutils [None req-8982dc65-d4dd-4541-b919-832ec72b4be4 None None] Acquired lock "dhcp-agent-network-lock-8c6406d4-3623-4863-9e5a-66b0f39ac8ef" {{(pid=22922) lock /usr/local/lib/python2.7/dist-packages/oslo_concurrency/lockutils.py:265}}
Jan 03 15:24:53 jfz1r03h11 neutron-dhcp-agent[22922]: INFO neutron.agent.dhcp.agent [None req-8982dc65-d4dd-4541-b919-832ec72b4be4 None None] Trigger reload_allocations for port admin_state_up=True, allowed_address_pairs=[], binding:host_id=jfz1r03h11, binding:profile=, binding:vif_details=bridge_name=br-int, datapath_type=system, ovs_hybrid_plug=False, port_filter=True, binding:vif_type=ovs, binding:vnic_type=normal, created_at=2019-01-03T23:24:49Z, description=, device_id=95ea6b0f-f3d3-4f6e-b3f2-2a7aba7a9833, device_owner=network:router_interface, extra_dhcp_opts=[], fixed_ips=[{u'subnet_id': u'623f9893-bf2c-4ab6-aac2-096ae455d277', u'ip_address': u'10.0.0.1'}], id=2e868e06-b689-43dc-94e0-2a20128af041, mac_address=fa:16:3e:da:ff:b7, name=, network_id=8c6406d4-3623-4863-9e5a-66b0f39ac8ef, port_security_enabled=False, project_id=d144cf0cc12f44c8b5e36e07b273bd35, revision_number=4, security_groups=[], status=DOWN, tags=[], tenant_id=d144cf0cc12f44c8b5e36e07b273bd35, updated_at=2019-01-03T23:24:52Z
Jan 03 15:24:53 jfz1r03h11 neutron-dhcp-agent[22922]: DEBUG neutron.agent.dhcp.agent [None req-8982dc65-d4dd-4541-b919-832ec72b4be4 None None] Calling driver for network: 8c6406d4-3623-4863-9e5a-66b0f39ac8ef action: reload_allocations {{(pid=22922) call_driver /opt/stack/neutron/neutron/agent/dhcp/agent.py:145}}
Jan 03 15:24:53 jfz1r03h11 neutron-dhcp-agent[22922]: DEBUG neutron.agent.linux.dhcp [None req-8982dc65-d4dd-4541-b919-832ec72b4be4 None None] Building host file: /opt/stack/data/neutron/dhcp/8c6406d4-3623-4863-9e5a-66b0f39ac8ef/host {{(pid=22922) _output_hosts_file /opt/stack/neutron/neutron/agent/linux/dhcp.py:690}}
Jan 03 15:24:53 jfz1r03h11 neutron-dhcp-agent[22922]: DEBUG neutron.agent.linux.dhcp [None req-8982dc65-d4dd-4541-b919-832ec72b4be4 None None] Done building host file /opt/stack/data/neutron/dhcp/8c6406d4-3623-4863-9e5a-66b0f39ac8ef/host {{(pid=22922) _output_hosts_file /opt/stack/neutron/neutron/agent/linux/dhcp.py:729}}
Jan 03 15:24:53 jfz1r03h11 neutron-dhcp-agent[22922]: DEBUG neutron.agent.linux.utils [None req-8982dc65-d4dd-4541-b919-832ec72b4be4 None None] Running command (rootwrap daemon): ['kill', '-HUP', '26607'] {{(pid=22922) execute_rootwrap_daemon /opt/stack/neutron/neutron/agent/linux/utils.py:103}}
Jan 03 15:24:53 jfz1r03h11 dnsmasq[26607]: read /opt/stack/data/neutron/dhcp/8c6406d4-3623-4863-9e5a-66b0f39ac8ef/addn_hosts - 3 addresses
Jan 03 15:24:53 jfz1r03h11 dnsmasq-dhcp[26607]: read /opt/stack/data/neutron/dhcp/8c6406d4-3623-4863-9e5a-66b0f39ac8ef/host
Jan 03 15:24:53 jfz1r03h11 dnsmasq-dhcp[26607]: read /opt/stack/data/neutron/dhcp/8c6406d4-3623-4863-9e5a-66b0f39ac8ef/opts
Jan 03 15:24:53 jfz1r03h11 neutron-dhcp-agent[22922]: DEBUG neutron.agent.linux.dhcp [None req-8982dc65-d4dd-4541-b919-832ec72b4be4 None None] Reloading allocations for network: 8c6406d4-3623-4863-9e5a-66b0f39ac8ef {{(pid=22922) reload_allocations /opt/stack/neutron/neutron/agent/linux/dhcp.py:519}}
Jan 03 15:24:53 jfz1r03h11 neutron-dhcp-agent[22922]: DEBUG neutron.agent.linux.utils [None req-8982dc65-d4dd-4541-b919-832ec72b4be4 None None] Running command (rootwrap daemon): ['ip', 'netns', 'exec', 'qdhcp-8c6406d4-3623-4863-9e5a-66b0f39ac8ef', 'ip', '-4', 'route', 'list', 'dev', 'tap0358e778-02'] {{(pid=22922) execute_rootwrap_daemon /opt/stack/neutron/neutron/agent/linux/utils.py:103}}
Jan 03 15:24:53 jfz1r03h11 neutron-dhcp-agent[22922]: DEBUG neutron.agent.linux.utils [None req-8982dc65-d4dd-4541-b919-832ec72b4be4 None None] Running command (rootwrap daemon): ['ip', 'netns', 'exec', 'qdhcp-8c6406d4-3623-4863-9e5a-66b0f39ac8ef', 'ip', '-6', 'route', 'list', 'dev', 'tap0358e778-02'] {{(pid=22922) execute_rootwrap_daemon /opt/stack/neutron/neutron/agent/linux/utils.py:103}}
Jan 03 15:24:53 jfz1r03h11 neutron-dhcp-agent[22922]: DEBUG neutron.agent.linux.utils [None req-8982dc65-d4dd-4541-b919-832ec72b4be4 None None] Unable to access /opt/stack/data/neutron/external/pids/8c6406d4-3623-4863-9e5a-66b0f39ac8ef.pid {{(pid=22922) get_value_from_file /opt/stack/neutron/neutron/agent/linux/utils.py:250}}
Jan 03 15:24:53 jfz1r03h11 neutron-dhcp-agent[22922]: DEBUG neutron.agent.linux.utils [None req-8982dc65-d4dd-4541-b919-832ec72b4be4 None None] Unable to access /opt/stack/data/neutron/external/pids/8c6406d4-3623-4863-9e5a-66b0f39ac8ef.pid {{(pid=22922) get_value_from_file /opt/stack/neutron/neutron/agent/linux/utils.py:250}}
Jan 03 15:24:53 jfz1r03h11 neutron-dhcp-agent[22922]: DEBUG neutron.agent.linux.external_process [None req-8982dc65-d4dd-4541-b919-832ec72b4be4 None None] No process started for 8c6406d4-3623-4863-9e5a-66b0f39ac8ef {{(pid=22922) disable /opt/stack/neutron/neutron/agent/linux/external_process.py:118}}
Jan 03 15:24:53 jfz1r03h11 neutron-dhcp-agent[22922]: DEBUG oslo_concurrency.lockutils [None req-8982dc65-d4dd-4541-b919-832ec72b4be4 None None] Releasing lock "dhcp-agent-network-lock-8c6406d4-3623-4863-9e5a-66b0f39ac8ef" {{(pid=22922) lock /usr/local/lib/python2.7/dist-packages/oslo_concurrency/lockutils.py:281}}
Jan 03 15:25:04 jfz1r03h11 neutron-dhcp-agent[22922]: DEBUG oslo_concurrency.lockutils [None req-64139995-05a3-440f-ac67-b1e0c6073d18 admin admin] Acquired lock "dhcp-agent-network-lock-8c6406d4-3623-4863-9e5a-66b0f39ac8ef" {{(pid=22922) lock /usr/local/lib/python2.7/dist-packages/oslo_concurrency/lockutils.py:265}}
Jan 03 15:25:04 jfz1r03h11 neutron-dhcp-agent[22922]: INFO neutron.agent.dhcp.agent [None req-64139995-05a3-440f-ac67-b1e0c6073d18 admin admin] Trigger reload_allocations for port admin_state_up=True, allowed_address_pairs=[], binding:host_id=, binding:profile=, binding:vif_details=, binding:vif_type=unbound, binding:vnic_type=normal, created_at=2019-01-03T23:25:04Z, description=, device_id=95ea6b0f-f3d3-4f6e-b3f2-2a7aba7a9833, device_owner=network:router_interface, extra_dhcp_opts=[], fixed_ips=[{u'subnet_id': u'b85c9b41-7dcb-44e8-b70e-9b477c861e94', u'ip_address': u'fdad:621f:a3ec::1'}], id=ba20ea6d-2699-4c77-9ab1-d985330b1cc9, mac_address=fa:16:3e:72:ba:c5, name=, network_id=8c6406d4-3623-4863-9e5a-66b0f39ac8ef, port_security_enabled=False, project_id=d144cf0cc12f44c8b5e36e07b273bd35, revision_number=1, security_groups=[], status=DOWN, tags=[], tenant_id=d144cf0cc12f44c8b5e36e07b273bd35, updated_at=2019-01-03T23:25:04Z
Jan 03 15:25:04 jfz1r03h11 neutron-dhcp-agent[22922]: DEBUG neutron.agent.dhcp.agent [None req-64139995-05a3-440f-ac67-b1e0c6073d18 admin admin] Calling driver for network: 8c6406d4-3623-4863-9e5a-66b0f39ac8ef action: reload_allocations {{(pid=22922) call_driver /opt/stack/neutron/neutron/agent/dhcp/agent.py:145}}
Jan 03 15:25:04 jfz1r03h11 neutron-dhcp-agent[22922]: DEBUG neutron.agent.linux.dhcp [None req-64139995-05a3-440f-ac67-b1e0c6073d18 admin admin] Building host file: /opt/stack/data/neutron/dhcp/8c6406d4-3623-4863-9e5a-66b0f39ac8ef/host {{(pid=22922) _output_hosts_file /opt/stack/neutron/neutron/agent/linux/dhcp.py:690}}
Jan 03 15:25:04 jfz1r03h11 neutron-dhcp-agent[22922]: DEBUG neutron.agent.linux.dhcp [None req-64139995-05a3-440f-ac67-b1e0c6073d18 admin admin] Done building host file /opt/stack/data/neutron/dhcp/8c6406d4-3623-4863-9e5a-66b0f39ac8ef/host {{(pid=22922) _output_hosts_file /opt/stack/neutron/neutron/agent/linux/dhcp.py:729}}
Jan 03 15:25:04 jfz1r03h11 neutron-dhcp-agent[22922]: DEBUG neutron.agent.linux.utils [None req-64139995-05a3-440f-ac67-b1e0c6073d18 admin admin] Running command (rootwrap daemon): ['kill', '-HUP', '26607'] {{(pid=22922) execute_rootwrap_daemon /opt/stack/neutron/neutron/agent/linux/utils.py:103}}
Jan 03 15:25:04 jfz1r03h11 dnsmasq[26607]: read /opt/stack/data/neutron/dhcp/8c6406d4-3623-4863-9e5a-66b0f39ac8ef/addn_hosts - 4 addresses
Jan 03 15:25:04 jfz1r03h11 dnsmasq-dhcp[26607]: read /opt/stack/data/neutron/dhcp/8c6406d4-3623-4863-9e5a-66b0f39ac8ef/host
Jan 03 15:25:04 jfz1r03h11 dnsmasq-dhcp[26607]: read /opt/stack/data/neutron/dhcp/8c6406d4-3623-4863-9e5a-66b0f39ac8ef/opts
Jan 03 15:25:04 jfz1r03h11 neutron-dhcp-agent[22922]: DEBUG neutron.agent.linux.dhcp [None req-64139995-05a3-440f-ac67-b1e0c6073d18 admin admin] Reloading allocations for network: 8c6406d4-3623-4863-9e5a-66b0f39ac8ef {{(pid=22922) reload_allocations /opt/stack/neutron/neutron/agent/linux/dhcp.py:519}}
Jan 03 15:25:04 jfz1r03h11 neutron-dhcp-agent[22922]: DEBUG neutron.agent.linux.utils [None req-64139995-05a3-440f-ac67-b1e0c6073d18 admin admin] Running command (rootwrap daemon): ['ip', 'netns', 'exec', 'qdhcp-8c6406d4-3623-4863-9e5a-66b0f39ac8ef', 'ip', '-4', 'route', 'list', 'dev', 'tap0358e778-02'] {{(pid=22922) execute_rootwrap_daemon /opt/stack/neutron/neutron/agent/linux/utils.py:103}}
Jan 03 15:25:04 jfz1r03h11 neutron-dhcp-agent[22922]: DEBUG neutron.agent.linux.utils [None req-64139995-05a3-440f-ac67-b1e0c6073d18 admin admin] Running command (rootwrap daemon): ['ip', 'netns', 'exec', 'qdhcp-8c6406d4-3623-4863-9e5a-66b0f39ac8ef', 'ip', '-6', 'route', 'list', 'dev', 'tap0358e778-02'] {{(pid=22922) execute_rootwrap_daemon /opt/stack/neutron/neutron/agent/linux/utils.py:103}}
Jan 03 15:25:04 jfz1r03h11 neutron-dhcp-agent[22922]: DEBUG neutron.agent.linux.utils [None req-64139995-05a3-440f-ac67-b1e0c6073d18 admin admin] Unable to access /opt/stack/data/neutron/external/pids/8c6406d4-3623-4863-9e5a-66b0f39ac8ef.pid {{(pid=22922) get_value_from_file /opt/stack/neutron/neutron/agent/linux/utils.py:250}}
Jan 03 15:25:04 jfz1r03h11 neutron-dhcp-agent[22922]: DEBUG neutron.agent.linux.utils [None req-64139995-05a3-440f-ac67-b1e0c6073d18 admin admin] Unable to access /opt/stack/data/neutron/external/pids/8c6406d4-3623-4863-9e5a-66b0f39ac8ef.pid {{(pid=22922) get_value_from_file /opt/stack/neutron/neutron/agent/linux/utils.py:250}}
Jan 03 15:25:04 jfz1r03h11 neutron-dhcp-agent[22922]: DEBUG neutron.agent.linux.external_process [None req-64139995-05a3-440f-ac67-b1e0c6073d18 admin admin] No process started for 8c6406d4-3623-4863-9e5a-66b0f39ac8ef {{(pid=22922) disable /opt/stack/neutron/neutron/agent/linux/external_process.py:118}}
Jan 03 15:25:04 jfz1r03h11 neutron-dhcp-agent[22922]: DEBUG oslo_concurrency.lockutils [None req-64139995-05a3-440f-ac67-b1e0c6073d18 admin admin] Releasing lock "dhcp-agent-network-lock-8c6406d4-3623-4863-9e5a-66b0f39ac8ef" {{(pid=22922) lock /usr/local/lib/python2.7/dist-packages/oslo_concurrency/lockutils.py:281}}
Jan 03 15:25:04 jfz1r03h11 neutron-dhcp-agent[22922]: DEBUG oslo_concurrency.lockutils [None req-64139995-05a3-440f-ac67-b1e0c6073d18 admin admin] Acquired lock "dhcp-agent-network-lock-8c6406d4-3623-4863-9e5a-66b0f39ac8ef" {{(pid=22922) lock /usr/local/lib/python2.7/dist-packages/oslo_concurrency/lockutils.py:265}}
Jan 03 15:25:04 jfz1r03h11 neutron-dhcp-agent[22922]: INFO neutron.agent.dhcp.agent [None req-64139995-05a3-440f-ac67-b1e0c6073d18 admin admin] Trigger reload_allocations for port admin_state_up=True, allowed_address_pairs=[], binding:host_id=, binding:profile=, binding:vif_details=, binding:vif_type=unbound, binding:vnic_type=normal, created_at=2019-01-03T23:25:04Z, description=, device_id=95ea6b0f-f3d3-4f6e-b3f2-2a7aba7a9833, device_owner=network:router_interface, extra_dhcp_opts=[], fixed_ips=[{u'subnet_id': u'b85c9b41-7dcb-44e8-b70e-9b477c861e94', u'ip_address': u'fdad:621f:a3ec::1'}], id=ba20ea6d-2699-4c77-9ab1-d985330b1cc9, mac_address=fa:16:3e:72:ba:c5, name=, network_id=8c6406d4-3623-4863-9e5a-66b0f39ac8ef, port_security_enabled=False, project_id=d144cf0cc12f44c8b5e36e07b273bd35, revision_number=1, security_groups=[], status=DOWN, tags=[], tenant_id=d144cf0cc12f44c8b5e36e07b273bd35, updated_at=2019-01-03T23:25:04Z
Jan 03 15:25:04 jfz1r03h11 neutron-dhcp-agent[22922]: DEBUG neutron.agent.dhcp.agent [None req-64139995-05a3-440f-ac67-b1e0c6073d18 admin admin] Calling driver for network: 8c6406d4-3623-4863-9e5a-66b0f39ac8ef action: reload_allocations {{(pid=22922) call_driver /opt/stack/neutron/neutron/agent/dhcp/agent.py:145}}
Jan 03 15:25:04 jfz1r03h11 neutron-dhcp-agent[22922]: DEBUG neutron.agent.linux.dhcp [None req-64139995-05a3-440f-ac67-b1e0c6073d18 admin admin] Building host file: /opt/stack/data/neutron/dhcp/8c6406d4-3623-4863-9e5a-66b0f39ac8ef/host {{(pid=22922) _output_hosts_file /opt/stack/neutron/neutron/agent/linux/dhcp.py:690}}
Jan 03 15:25:04 jfz1r03h11 neutron-dhcp-agent[22922]: DEBUG neutron.agent.linux.dhcp [None req-64139995-05a3-440f-ac67-b1e0c6073d18 admin admin] Done building host file /opt/stack/data/neutron/dhcp/8c6406d4-3623-4863-9e5a-66b0f39ac8ef/host {{(pid=22922) _output_hosts_file /opt/stack/neutron/neutron/agent/linux/dhcp.py:729}}
Jan 03 15:25:04 jfz1r03h11 neutron-dhcp-agent[22922]: DEBUG neutron.agent.linux.utils [None req-64139995-05a3-440f-ac67-b1e0c6073d18 admin admin] Running command (rootwrap daemon): ['kill', '-HUP', '26607'] {{(pid=22922) execute_rootwrap_daemon /opt/stack/neutron/neutron/agent/linux/utils.py:103}}
Jan 03 15:25:04 jfz1r03h11 dnsmasq[26607]: read /opt/stack/data/neutron/dhcp/8c6406d4-3623-4863-9e5a-66b0f39ac8ef/addn_hosts - 4 addresses
Jan 03 15:25:04 jfz1r03h11 dnsmasq-dhcp[26607]: read /opt/stack/data/neutron/dhcp/8c6406d4-3623-4863-9e5a-66b0f39ac8ef/host
Jan 03 15:25:04 jfz1r03h11 dnsmasq-dhcp[26607]: read /opt/stack/data/neutron/dhcp/8c6406d4-3623-4863-9e5a-66b0f39ac8ef/opts
Jan 03 15:25:04 jfz1r03h11 neutron-dhcp-agent[22922]: DEBUG neutron.agent.linux.dhcp [None req-64139995-05a3-440f-ac67-b1e0c6073d18 admin admin] Reloading allocations for network: 8c6406d4-3623-4863-9e5a-66b0f39ac8ef {{(pid=22922) reload_allocations /opt/stack/neutron/neutron/agent/linux/dhcp.py:519}}
Jan 03 15:25:04 jfz1r03h11 neutron-dhcp-agent[22922]: DEBUG neutron.agent.linux.utils [None req-64139995-05a3-440f-ac67-b1e0c6073d18 admin admin] Running command (rootwrap daemon): ['ip', 'netns', 'exec', 'qdhcp-8c6406d4-3623-4863-9e5a-66b0f39ac8ef', 'ip', '-4', 'route', 'list', 'dev', 'tap0358e778-02'] {{(pid=22922) execute_rootwrap_daemon /opt/stack/neutron/neutron/agent/linux/utils.py:103}}
Jan 03 15:25:05 jfz1r03h11 neutron-dhcp-agent[22922]: DEBUG neutron.agent.linux.utils [None req-64139995-05a3-440f-ac67-b1e0c6073d18 admin admin] Running command (rootwrap daemon): ['ip', 'netns', 'exec', 'qdhcp-8c6406d4-3623-4863-9e5a-66b0f39ac8ef', 'ip', '-6', 'route', 'list', 'dev', 'tap0358e778-02'] {{(pid=22922) execute_rootwrap_daemon /opt/stack/neutron/neutron/agent/linux/utils.py:103}}
Jan 03 15:25:05 jfz1r03h11 neutron-dhcp-agent[22922]: DEBUG neutron.agent.linux.utils [None req-64139995-05a3-440f-ac67-b1e0c6073d18 admin admin] Unable to access /opt/stack/data/neutron/external/pids/8c6406d4-3623-4863-9e5a-66b0f39ac8ef.pid {{(pid=22922) get_value_from_file /opt/stack/neutron/neutron/agent/linux/utils.py:250}}
Jan 03 15:25:05 jfz1r03h11 neutron-dhcp-agent[22922]: DEBUG neutron.agent.linux.utils [None req-64139995-05a3-440f-ac67-b1e0c6073d18 admin admin] Unable to access /opt/stack/data/neutron/external/pids/8c6406d4-3623-4863-9e5a-66b0f39ac8ef.pid {{(pid=22922) get_value_from_file /opt/stack/neutron/neutron/agent/linux/utils.py:250}}
Jan 03 15:25:05 jfz1r03h11 neutron-dhcp-agent[22922]: DEBUG neutron.agent.linux.external_process [None req-64139995-05a3-440f-ac67-b1e0c6073d18 admin admin] No process started for 8c6406d4-3623-4863-9e5a-66b0f39ac8ef {{(pid=22922) disable /opt/stack/neutron/neutron/agent/linux/external_process.py:118}}
Jan 03 15:25:05 jfz1r03h11 neutron-dhcp-agent[22922]: DEBUG oslo_concurrency.lockutils [None req-64139995-05a3-440f-ac67-b1e0c6073d18 admin admin] Releasing lock "dhcp-agent-network-lock-8c6406d4-3623-4863-9e5a-66b0f39ac8ef" {{(pid=22922) lock /usr/local/lib/python2.7/dist-packages/oslo_concurrency/lockutils.py:281}}
Jan 03 15:25:07 jfz1r03h11 neutron-dhcp-agent[22922]: DEBUG oslo_concurrency.lockutils [None req-6d118b61-8ec1-47f1-aaea-84221de5bf8c None None] Acquired lock "dhcp-agent-network-lock-8c6406d4-3623-4863-9e5a-66b0f39ac8ef" {{(pid=22922) lock /usr/local/lib/python2.7/dist-packages/oslo_concurrency/lockutils.py:265}}
Jan 03 15:25:07 jfz1r03h11 neutron-dhcp-agent[22922]: INFO neutron.agent.dhcp.agent [None req-6d118b61-8ec1-47f1-aaea-84221de5bf8c None None] Trigger reload_allocations for port admin_state_up=True, allowed_address_pairs=[], binding:host_id=jfz1r03h11, binding:profile=, binding:vif_details=, binding:vif_type=unbound, binding:vnic_type=normal, created_at=2019-01-03T23:25:04Z, description=, device_id=95ea6b0f-f3d3-4f6e-b3f2-2a7aba7a9833, device_owner=network:router_interface, extra_dhcp_opts=[], fixed_ips=[{u'subnet_id': u'b85c9b41-7dcb-44e8-b70e-9b477c861e94', u'ip_address': u'fdad:621f:a3ec::1'}], id=ba20ea6d-2699-4c77-9ab1-d985330b1cc9, mac_address=fa:16:3e:72:ba:c5, name=, network_id=8c6406d4-3623-4863-9e5a-66b0f39ac8ef, port_security_enabled=False, project_id=d144cf0cc12f44c8b5e36e07b273bd35, revision_number=2, security_groups=[], status=DOWN, tags=[], tenant_id=d144cf0cc12f44c8b5e36e07b273bd35, updated_at=2019-01-03T23:25:04Z
Jan 03 15:25:07 jfz1r03h11 neutron-dhcp-agent[22922]: DEBUG neutron.agent.dhcp.agent [None req-6d118b61-8ec1-47f1-aaea-84221de5bf8c None None] Calling driver for network: 8c6406d4-3623-4863-9e5a-66b0f39ac8ef action: reload_allocations {{(pid=22922) call_driver /opt/stack/neutron/neutron/agent/dhcp/agent.py:145}}
Jan 03 15:25:07 jfz1r03h11 neutron-dhcp-agent[22922]: DEBUG neutron.agent.linux.dhcp [None req-6d118b61-8ec1-47f1-aaea-84221de5bf8c None None] Building host file: /opt/stack/data/neutron/dhcp/8c6406d4-3623-4863-9e5a-66b0f39ac8ef/host {{(pid=22922) _output_hosts_file /opt/stack/neutron/neutron/agent/linux/dhcp.py:690}}
Jan 03 15:25:07 jfz1r03h11 neutron-dhcp-agent[22922]: DEBUG neutron.agent.linux.dhcp [None req-6d118b61-8ec1-47f1-aaea-84221de5bf8c None None] Done building host file /opt/stack/data/neutron/dhcp/8c6406d4-3623-4863-9e5a-66b0f39ac8ef/host {{(pid=22922) _output_hosts_file /opt/stack/neutron/neutron/agent/linux/dhcp.py:729}}
Jan 03 15:25:07 jfz1r03h11 neutron-dhcp-agent[22922]: DEBUG neutron.agent.linux.utils [None req-6d118b61-8ec1-47f1-aaea-84221de5bf8c None None] Running command (rootwrap daemon): ['kill', '-HUP', '26607'] {{(pid=22922) execute_rootwrap_daemon /opt/stack/neutron/neutron/agent/linux/utils.py:103}}
Jan 03 15:25:07 jfz1r03h11 dnsmasq[26607]: read /opt/stack/data/neutron/dhcp/8c6406d4-3623-4863-9e5a-66b0f39ac8ef/addn_hosts - 4 addresses
Jan 03 15:25:07 jfz1r03h11 dnsmasq-dhcp[26607]: read /opt/stack/data/neutron/dhcp/8c6406d4-3623-4863-9e5a-66b0f39ac8ef/host
Jan 03 15:25:07 jfz1r03h11 dnsmasq-dhcp[26607]: read /opt/stack/data/neutron/dhcp/8c6406d4-3623-4863-9e5a-66b0f39ac8ef/opts
Jan 03 15:25:07 jfz1r03h11 neutron-dhcp-agent[22922]: DEBUG neutron.agent.linux.dhcp [None req-6d118b61-8ec1-47f1-aaea-84221de5bf8c None None] Reloading allocations for network: 8c6406d4-3623-4863-9e5a-66b0f39ac8ef {{(pid=22922) reload_allocations /opt/stack/neutron/neutron/agent/linux/dhcp.py:519}}
Jan 03 15:25:07 jfz1r03h11 neutron-dhcp-agent[22922]: DEBUG neutron.agent.linux.utils [None req-6d118b61-8ec1-47f1-aaea-84221de5bf8c None None] Running command (rootwrap daemon): ['ip', 'netns', 'exec', 'qdhcp-8c6406d4-3623-4863-9e5a-66b0f39ac8ef', 'ip', '-4', 'route', 'list', 'dev', 'tap0358e778-02'] {{(pid=22922) execute_rootwrap_daemon /opt/stack/neutron/neutron/agent/linux/utils.py:103}}
Jan 03 15:25:07 jfz1r03h11 neutron-dhcp-agent[22922]: DEBUG neutron.agent.linux.utils [None req-6d118b61-8ec1-47f1-aaea-84221de5bf8c None None] Running command (rootwrap daemon): ['ip', 'netns', 'exec', 'qdhcp-8c6406d4-3623-4863-9e5a-66b0f39ac8ef', 'ip', '-6', 'route', 'list', 'dev', 'tap0358e778-02'] {{(pid=22922) execute_rootwrap_daemon /opt/stack/neutron/neutron/agent/linux/utils.py:103}}
Jan 03 15:25:07 jfz1r03h11 neutron-dhcp-agent[22922]: DEBUG neutron.agent.linux.utils [None req-6d118b61-8ec1-47f1-aaea-84221de5bf8c None None] Unable to access /opt/stack/data/neutron/external/pids/8c6406d4-3623-4863-9e5a-66b0f39ac8ef.pid {{(pid=22922) get_value_from_file /opt/stack/neutron/neutron/agent/linux/utils.py:250}}
Jan 03 15:25:07 jfz1r03h11 neutron-dhcp-agent[22922]: DEBUG neutron.agent.linux.utils [None req-6d118b61-8ec1-47f1-aaea-84221de5bf8c None None] Unable to access /opt/stack/data/neutron/external/pids/8c6406d4-3623-4863-9e5a-66b0f39ac8ef.pid {{(pid=22922) get_value_from_file /opt/stack/neutron/neutron/agent/linux/utils.py:250}}
Jan 03 15:25:07 jfz1r03h11 neutron-dhcp-agent[22922]: DEBUG neutron.agent.linux.external_process [None req-6d118b61-8ec1-47f1-aaea-84221de5bf8c None None] No process started for 8c6406d4-3623-4863-9e5a-66b0f39ac8ef {{(pid=22922) disable /opt/stack/neutron/neutron/agent/linux/external_process.py:118}}
Jan 03 15:25:07 jfz1r03h11 neutron-dhcp-agent[22922]: DEBUG oslo_concurrency.lockutils [None req-6d118b61-8ec1-47f1-aaea-84221de5bf8c None None] Releasing lock "dhcp-agent-network-lock-8c6406d4-3623-4863-9e5a-66b0f39ac8ef" {{(pid=22922) lock /usr/local/lib/python2.7/dist-packages/oslo_concurrency/lockutils.py:281}}
Jan 03 15:25:07 jfz1r03h11 neutron-dhcp-agent[22922]: DEBUG oslo_concurrency.lockutils [None req-6d118b61-8ec1-47f1-aaea-84221de5bf8c None None] Acquired lock "dhcp-agent-network-lock-8c6406d4-3623-4863-9e5a-66b0f39ac8ef" {{(pid=22922) lock /usr/local/lib/python2.7/dist-packages/oslo_concurrency/lockutils.py:265}}
Jan 03 15:25:07 jfz1r03h11 neutron-dhcp-agent[22922]: INFO neutron.agent.dhcp.agent [None req-6d118b61-8ec1-47f1-aaea-84221de5bf8c None None] Trigger reload_allocations for port admin_state_up=True, allowed_address_pairs=[], binding:host_id=jfz1r03h11, binding:profile=, binding:vif_details=bridge_name=br-int, datapath_type=system, ovs_hybrid_plug=False, port_filter=True, binding:vif_type=ovs, binding:vnic_type=normal, created_at=2019-01-03T23:25:04Z, description=, device_id=95ea6b0f-f3d3-4f6e-b3f2-2a7aba7a9833, device_owner=network:router_interface, extra_dhcp_opts=[], fixed_ips=[{u'subnet_id': u'b85c9b41-7dcb-44e8-b70e-9b477c861e94', u'ip_address': u'fdad:621f:a3ec::1'}], id=ba20ea6d-2699-4c77-9ab1-d985330b1cc9, mac_address=fa:16:3e:72:ba:c5, name=, network_id=8c6406d4-3623-4863-9e5a-66b0f39ac8ef, port_security_enabled=False, project_id=d144cf0cc12f44c8b5e36e07b273bd35, revision_number=4, security_groups=[], status=DOWN, tags=[], tenant_id=d144cf0cc12f44c8b5e36e07b273bd35, updated_at=2019-01-03T23:25:07Z
Jan 03 15:25:07 jfz1r03h11 neutron-dhcp-agent[22922]: DEBUG neutron.agent.dhcp.agent [None req-6d118b61-8ec1-47f1-aaea-84221de5bf8c None None] Calling driver for network: 8c6406d4-3623-4863-9e5a-66b0f39ac8ef action: reload_allocations {{(pid=22922) call_driver /opt/stack/neutron/neutron/agent/dhcp/agent.py:145}}
Jan 03 15:25:07 jfz1r03h11 neutron-dhcp-agent[22922]: DEBUG neutron.agent.linux.dhcp [None req-6d118b61-8ec1-47f1-aaea-84221de5bf8c None None] Building host file: /opt/stack/data/neutron/dhcp/8c6406d4-3623-4863-9e5a-66b0f39ac8ef/host {{(pid=22922) _output_hosts_file /opt/stack/neutron/neutron/agent/linux/dhcp.py:690}}
Jan 03 15:25:07 jfz1r03h11 neutron-dhcp-agent[22922]: DEBUG neutron.agent.linux.dhcp [None req-6d118b61-8ec1-47f1-aaea-84221de5bf8c None None] Done building host file /opt/stack/data/neutron/dhcp/8c6406d4-3623-4863-9e5a-66b0f39ac8ef/host {{(pid=22922) _output_hosts_file /opt/stack/neutron/neutron/agent/linux/dhcp.py:729}}
Jan 03 15:25:07 jfz1r03h11 neutron-dhcp-agent[22922]: DEBUG neutron.agent.linux.utils [None req-6d118b61-8ec1-47f1-aaea-84221de5bf8c None None] Running command (rootwrap daemon): ['kill', '-HUP', '26607'] {{(pid=22922) execute_rootwrap_daemon /opt/stack/neutron/neutron/agent/linux/utils.py:103}}
Jan 03 15:25:07 jfz1r03h11 dnsmasq[26607]: read /opt/stack/data/neutron/dhcp/8c6406d4-3623-4863-9e5a-66b0f39ac8ef/addn_hosts - 4 addresses
Jan 03 15:25:07 jfz1r03h11 dnsmasq-dhcp[26607]: read /opt/stack/data/neutron/dhcp/8c6406d4-3623-4863-9e5a-66b0f39ac8ef/host
Jan 03 15:25:07 jfz1r03h11 dnsmasq-dhcp[26607]: read /opt/stack/data/neutron/dhcp/8c6406d4-3623-4863-9e5a-66b0f39ac8ef/opts
Jan 03 15:25:07 jfz1r03h11 neutron-dhcp-agent[22922]: DEBUG neutron.agent.linux.dhcp [None req-6d118b61-8ec1-47f1-aaea-84221de5bf8c None None] Reloading allocations for network: 8c6406d4-3623-4863-9e5a-66b0f39ac8ef {{(pid=22922) reload_allocations /opt/stack/neutron/neutron/agent/linux/dhcp.py:519}}
Jan 03 15:25:07 jfz1r03h11 neutron-dhcp-agent[22922]: DEBUG neutron.agent.linux.utils [None req-6d118b61-8ec1-47f1-aaea-84221de5bf8c None None] Running command (rootwrap daemon): ['ip', 'netns', 'exec', 'qdhcp-8c6406d4-3623-4863-9e5a-66b0f39ac8ef', 'ip', '-4', 'route', 'list', 'dev', 'tap0358e778-02'] {{(pid=22922) execute_rootwrap_daemon /opt/stack/neutron/neutron/agent/linux/utils.py:103}}
Jan 03 15:25:07 jfz1r03h11 neutron-dhcp-agent[22922]: DEBUG neutron.agent.linux.utils [None req-6d118b61-8ec1-47f1-aaea-84221de5bf8c None None] Running command (rootwrap daemon): ['ip', 'netns', 'exec', 'qdhcp-8c6406d4-3623-4863-9e5a-66b0f39ac8ef', 'ip', '-6', 'route', 'list', 'dev', 'tap0358e778-02'] {{(pid=22922) execute_rootwrap_daemon /opt/stack/neutron/neutron/agent/linux/utils.py:103}}
